
> my-app@0.1.0 build
> next build

Ō¢▓ Next.js 16.1.6 (Turbopack)
- Environments: .env

npm : ŌÜĀ The "middleware" file convention is deprecated. Please use "proxy" instead. Learn more: https://nextjs.org/docs/messages/middleware-to-proxy
At line:1 char:1
+ npm run build > build_output.txt 2>&1; npx tsc --noEmit > tsc_output_ ...
+ ~~~~~~~~~~~~~~~~~~~~~~~~~~~~~~~~~~~~~
    + CategoryInfo          : NotSpecified:     (ŌÜĀ The "middle...leware-to-proxy:Str    ing) [], RemoteException
    + FullyQualifiedErrorId : NativeCommand    Error
 
  Creating an optimized production build ...
